Archive member included because of file (symbol)

c:/chibistudio/tools/gnu tools arm embedded/4.7 2013q1/bin/../lib/gcc/arm-none-eabi/4.7.3/armv7e-m\libgcc.a(_arm_addsubdf3.o)
                              build/obj/chprintf.o (__aeabi_dsub)
c:/chibistudio/tools/gnu tools arm embedded/4.7 2013q1/bin/../lib/gcc/arm-none-eabi/4.7.3/armv7e-m\libgcc.a(_arm_muldivdf3.o)
                              build/obj/chprintf.o (__aeabi_dmul)
c:/chibistudio/tools/gnu tools arm embedded/4.7 2013q1/bin/../lib/gcc/arm-none-eabi/4.7.3/armv7e-m\libgcc.a(_arm_fixdfsi.o)
                              build/obj/chprintf.o (__aeabi_d2iz)
c:/chibistudio/tools/gnu tools arm embedded/4.7 2013q1/bin/../lib/gcc/arm-none-eabi/4.7.3/armv7e-m\libgcc.a(_arm_truncdfsf2.o)
                              build/obj/chprintf.o (__aeabi_d2f)
c:/chibistudio/tools/gnu tools arm embedded/4.7 2013q1/bin/../lib/gcc/arm-none-eabi/4.7.3/../../../../arm-none-eabi/lib/armv7e-m\libc.a(lib_a-memcpy.o)
                              build/obj/sdc_lld.o (memcpy)
c:/chibistudio/tools/gnu tools arm embedded/4.7 2013q1/bin/../lib/gcc/arm-none-eabi/4.7.3/../../../../arm-none-eabi/lib/armv7e-m\libc.a(lib_a-memset.o)
                              build/obj/main.o (memset)

Discarded input sections

 .text          0x00000000        0x0 build/obj/crt0.o
 .data          0x00000000        0x0 build/obj/crt0.o
 .bss           0x00000000        0x0 build/obj/crt0.o
 .text.__early_init
                0x00000000       0x10 build/obj/crt0.o
 .text          0x00000000        0x0 build/obj/vectors.o
 .data          0x00000000        0x0 build/obj/vectors.o
 .bss           0x00000000        0x0 build/obj/vectors.o
 .text          0x00000000        0x0 build/obj/chcore.o
 .data          0x00000000        0x0 build/obj/chcore.o
 .bss           0x00000000        0x0 build/obj/chcore.o
 .text          0x00000000        0x0 build/obj/chcore_v7m.o
 .data          0x00000000        0x0 build/obj/chcore_v7m.o
 .bss           0x00000000        0x0 build/obj/chcore_v7m.o
 .text          0x00000000        0x0 build/obj/nvic.o
 .data          0x00000000        0x0 build/obj/nvic.o
 .bss           0x00000000        0x0 build/obj/nvic.o
 .text.nvicDisableVector
                0x00000000       0x80 build/obj/nvic.o
 .text          0x00000000        0x0 build/obj/chsys.o
 .data          0x00000000        0x0 build/obj/chsys.o
 .bss           0x00000000        0x0 build/obj/chsys.o
 .text          0x00000000        0x0 build/obj/chdebug.o
 .data          0x00000000        0x0 build/obj/chdebug.o
 .bss           0x00000000        0x0 build/obj/chdebug.o
 .text.dbg_check_disable
                0x00000000       0x30 build/obj/chdebug.o
 .text.dbg_check_suspend
                0x00000000       0x30 build/obj/chdebug.o
 .text          0x00000000        0x0 build/obj/chlists.o
 .data          0x00000000        0x0 build/obj/chlists.o
 .bss           0x00000000        0x0 build/obj/chlists.o
 .debug_info    0x00000000       0x79 build/obj/chlists.o
 .debug_abbrev  0x00000000       0x26 build/obj/chlists.o
 .debug_aranges
                0x00000000       0x18 build/obj/chlists.o
 .debug_line    0x00000000       0x1d build/obj/chlists.o
 .debug_str     0x00000000      0x131 build/obj/chlists.o
 .comment       0x00000000       0x71 build/obj/chlists.o
 .ARM.attributes
                0x00000000       0x39 build/obj/chlists.o
 .text          0x00000000        0x0 build/obj/chvt.o
 .data          0x00000000        0x0 build/obj/chvt.o
 .bss           0x00000000        0x0 build/obj/chvt.o
 .text.chTimeIsWithin
                0x00000000       0x70 build/obj/chvt.o
 .text          0x00000000        0x0 build/obj/chschd.o
 .data          0x00000000        0x0 build/obj/chschd.o
 .bss           0x00000000        0x0 build/obj/chschd.o
 .text.chSchRescheduleS
                0x00000000       0x30 build/obj/chschd.o
 .text          0x00000000        0x0 build/obj/chthreads.o
 .data          0x00000000        0x0 build/obj/chthreads.o
 .bss           0x00000000        0x0 build/obj/chthreads.o
 .text.list_insert
                0x00000000       0x20 build/obj/chthreads.o
 .text.chThdSetPriority
                0x00000000       0xa0 build/obj/chthreads.o
 .text.chThdResume
                0x00000000       0x50 build/obj/chthreads.o
 .text.chThdTerminate
                0x00000000       0x40 build/obj/chthreads.o
 .text.chThdSleepUntil
                0x00000000       0x50 build/obj/chthreads.o
 .text.chThdYield
                0x00000000       0x40 build/obj/chthreads.o
 .text.chThdWait
                0x00000000       0xa0 build/obj/chthreads.o
 .text          0x00000000        0x0 build/obj/chdynamic.o
 .data          0x00000000        0x0 build/obj/chdynamic.o
 .bss           0x00000000        0x0 build/obj/chdynamic.o
 .rodata        0x00000000       0x48 build/obj/chdynamic.o
 .text.chThdAddRef
[...]
Memory Configuration

Name             Origin             Length             Attributes
flash            0x08000000         0x00100000
ram              0x20000000         0x0001c000
ethram           0x2001c000         0x00004000
ccmram           0x10000000         0x00010000
*default*        0x00000000         0xffffffff

Linker script and memory map

LOAD build/obj/crt0.o
LOAD build/obj/vectors.o
LOAD build/obj/chcore.o
LOAD build/obj/chcore_v7m.o
LOAD build/obj/nvic.o
LOAD build/obj/chsys.o
LOAD build/obj/chdebug.o
LOAD build/obj/chlists.o
LOAD build/obj/chvt.o
LOAD build/obj/chschd.o
LOAD build/obj/chthreads.o
LOAD build/obj/chdynamic.o
LOAD build/obj/chregistry.o
LOAD build/obj/chsem.o
LOAD build/obj/chmtx.o
LOAD build/obj/chcond.o
LOAD build/obj/chevents.o
LOAD build/obj/chmsg.o
LOAD build/obj/chmboxes.o
LOAD build/obj/chqueues.o
LOAD build/obj/chmemcore.o
LOAD build/obj/chheap.o
LOAD build/obj/chmempools.o
LOAD build/obj/hal.o
LOAD build/obj/adc.o
LOAD build/obj/can.o
LOAD build/obj/dac.o
LOAD build/obj/ext.o
LOAD build/obj/gpt.o
LOAD build/obj/i2c.o
LOAD build/obj/icu.o
LOAD build/obj/mac.o
LOAD build/obj/mmc_spi.o
LOAD build/obj/mmcsd.o
LOAD build/obj/pal.o
LOAD build/obj/pwm.o
LOAD build/obj/rtc.o
LOAD build/obj/sdc.o
LOAD build/obj/serial.o
LOAD build/obj/serial_usb.o
LOAD build/obj/spi.o
LOAD build/obj/tm.o
LOAD build/obj/uart.o
LOAD build/obj/usb.o
LOAD build/obj/stm32_dma.o
LOAD build/obj/hal_lld.o
LOAD build/obj/adc_lld.o
LOAD build/obj/ext_lld_isr.o
LOAD build/obj/can_lld.o
LOAD build/obj/ext_lld.o
LOAD build/obj/mac_lld.o
LOAD build/obj/sdc_lld.o
LOAD build/obj/pal_lld.o
LOAD build/obj/i2c_lld.o
LOAD build/obj/usb_lld.o
LOAD build/obj/rtc_lld.o
LOAD build/obj/spi_lld.o
LOAD build/obj/gpt_lld.o
LOAD build/obj/icu_lld.o
LOAD build/obj/pwm_lld.o
LOAD build/obj/serial_lld.o
LOAD build/obj/uart_lld.o
LOAD build/obj/board.o
LOAD build/obj/chprintf.o
LOAD build/obj/fatfs_diskio.o
LOAD build/obj/ff.o
LOAD build/obj/main.o
LOAD c:/chibistudio/tools/gnu tools arm embedded/4.7 2013q1/bin/../lib/gcc/arm-none-eabi/4.7.3/../../../../arm-none-eabi/lib/armv7e-m\libm.a
START GROUP
LOAD c:/chibistudio/tools/gnu tools arm embedded/4.7 2013q1/bin/../lib/gcc/arm-none-eabi/4.7.3/armv7e-m\libgcc.a
LOAD c:/chibistudio/tools/gnu tools arm embedded/4.7 2013q1/bin/../lib/gcc/arm-none-eabi/4.7.3/../../../../arm-none-eabi/lib/armv7e-m\libc.a
END GROUP
                0x00000400                __main_stack_size__ = 0x400
                0x00000400                __process_stack_size__ = 0x400
                0x20000000                __ram_start__ = ORIGIN (ram)
                0x0001c000                __ram_size__ = 0x1c000
                0x2001c000                __ram_end__ = (__ram_start__ + __ram_size__)
                0x00000000                . = 0x0
                0x00000000                _text = .

startup         0x08000000      0x188
 *(vectors)
 vectors        0x08000000      0x188 build/obj/vectors.o
                0x08000000                _vectors

constructors    0x08000188        0x0
                0x08000188                PROVIDE (__init_array_start, .)
 *(SORT(.init_array.*))
 *(.init_array)
                0x08000188                PROVIDE (__init_array_end, .)

destructors     0x08000188        0x0
                0x08000188                PROVIDE (__fini_array_start, .)
 *(.fini_array)
 *(SORT(.fini_array.*))
                0x08000188                PROVIDE (__fini_array_end, .)

.text           0x08000190     0x9d94
 *(.text.startup.*)
 *(.text)
 .text          0x08000190      0x370 c:/chibistudio/tools/gnu tools arm embedded/4.7 2013q1/bin/../lib/gcc/arm-none-eabi/4.7.3/armv7e-m\libgcc.a(_arm_addsubdf3.o)
                0x08000190                __aeabi_drsub
                0x08000198                __aeabi_dsub
                0x08000198                __subdf3
                0x0800019c                __aeabi_dadd
                0x0800019c                __adddf3
                0x08000414                __floatunsidf
                0x08000414                __aeabi_ui2d
                0x08000434                __floatsidf
                0x08000434                __aeabi_i2d
                0x08000458                __aeabi_f2d
                0x08000458                __extendsfdf2
                0x08000494                __floatundidf
                0x08000494                __aeabi_ul2d
                0x080004a4                __floatdidf
                0x080004a4                __aeabi_l2d
 .text          0x08000500      0x424 c:/chibistudio/tools/gnu tools arm embedded/4.7 2013q1/bin/../lib/gcc/arm-none-eabi/4.7.3/armv7e-m\libgcc.a(_arm_muldivdf3.o)
                0x08000500                __aeabi_dmul
                0x08000500                __muldf3
                0x08000754                __divdf3
                0x08000754                __aeabi_ddiv
 *fill*         0x08000924        0xc 00
 .text          0x08000930       0x50 c:/chibistudio/tools/gnu tools arm embedded/4.7 2013q1/bin/../lib/gcc/arm-none-eabi/4.7.3/armv7e-m\libgcc.a(_arm_fixdfsi.o)
                0x08000930                __aeabi_d2iz
                0x08000930                __fixdfsi
 .text          0x08000980       0xa0 c:/chibistudio/tools/gnu tools arm embedded/4.7 2013q1/bin/../lib/gcc/arm-none-eabi/4.7.3/armv7e-m\libgcc.a(_arm_truncdfsf2.o)
                0x08000980                __truncdfsf2
                0x08000980                __aeabi_d2f
 *(.text.*)
 .text.__late_init
                0x08000a20       0x10 build/obj/crt0.o
                0x08000a20                __late_init
 .text._default_exit
                0x08000a30       0x10 build/obj/crt0.o
                0x08000a30                _default_exit
 .text.ResetHandler
                0x08000a40      0x130 build/obj/crt0.o
                0x08000a40                ResetHandler
 .text._unhandled_exception
                0x08000b70       0x10 build/obj/vectors.o
                0x08000b70                NMIVector
                0x08000b70                Vector11C
                0x08000b70                Vector8C
                0x08000b70                VectorDC
                0x08000b70                Vector168
                0x08000b70                Vector110
                0x08000b70                Vector94
                0x08000b70                VectorA8
                0x08000b70                VectorB4
                0x08000b70                Vector160
                0x08000b70                VectorEC
                0x08000b70                UsageFaultVector
                0x08000b70                DebugMonitorVector
                0x08000b70                Vector40
                0x08000b70                VectorF8
                0x08000b70                Vector108
                0x08000b70                VectorBC
                0x08000b70                Vector148
                0x08000b70                PendSVVector
                0x08000b70                Vector118
                0x08000b70                VectorCC
                0x08000b70                Vector54
                0x08000b70                Vector98
                0x08000b70                Vector24
                0x08000b70                Vector178
                0x08000b70                BusFaultVector
                0x08000b70                VectorD0
                0x08000b70                Vector140
                0x08000b70                VectorC0
                0x08000b70                HardFaultVector
                0x08000b70                Vector134
                0x08000b70                VectorF0
                0x08000b70                Vector13C
                0x08000b70                Vector100
                0x08000b70                MemManageVector
                0x08000b70                VectorA0
                0x08000b70                Vector180
                0x08000b70                VectorB0
                0x08000b70                Vector90
                0x08000b70                Vector114
                0x08000b70                Vector164
                0x08000b70                Vector1C
                0x08000b70                Vector17C
                0x08000b70                Vector48
                0x08000b70                Vector16C
                0x08000b70                Vector144
                0x08000b70                _unhandled_exception
                0x08000b70                Vector184
                0x08000b70                Vector10C
                0x08000b70                Vector14C
                0x08000b70                Vector50
                0x08000b70                Vector28
                0x08000b70                VectorB8
                0x08000b70                Vector34
                0x08000b70                Vector20
                0x08000b70                Vector174
 .text.port_halt
                0x08000b80       0x10 build/obj/chcore.o
                0x08000b80                port_halt
 .text.SysTickVector
                0x08000b90       0x30 build/obj/chcore_v7m.o
                0x08000b90                SysTickVector
 .text.SVCallVector
                0x08000bc0       0x50 build/obj/chcore_v7m.o
                0x08000bc0                SVCallVector
 .text._port_init
                0x08000c10       0x50 build/obj/chcore_v7m.o
                0x08000c10                _port_init
 .text._port_irq_epilogue
                0x08000c60       0xf0 build/obj/chcore_v7m.o
                0x08000c60                _port_irq_epilogue
 .text._port_switch_from_isr
                0x08000d50       0x10 build/obj/chcore_v7m.o
                0x08000d50                _port_switch_from_isr
 .text._port_switch
                0x08000d60       0x20 build/obj/chcore_v7m.o
                0x08000d60                _port_switch
 .text._port_thread_start
                0x08000d80       0x20 build/obj/chcore_v7m.o
                0x08000d80                _port_thread_start
 .text.nvicEnableVector
                0x08000da0       0xb0 build/obj/nvic.o
                0x08000da0                nvicEnableVector
 .text.nvicSetSystemHandlerPriority
                0x08000e50       0x60 build/obj/nvic.o
                0x08000e50                nvicSetSystemHandlerPriority
 .text._idle_thread
                0x08000eb0       0x20 build/obj/chsys.o
                0x08000eb0                _idle_thread
 .text.chSysInit
                0x08000ed0       0xb0 build/obj/chsys.o
                0x08000ed0                chSysInit
 .text.chSysTimerHandlerI
                0x08000f80       0xf0 build/obj/chsys.o
                0x08000f80                chSysTimerHandlerI
 .text.dbg_check_enable
                0x08001070       0x30 build/obj/chdebug.o
                0x08001070                dbg_check_enable
 .text.dbg_check_lock
                0x080010a0       0x40 build/obj/chdebug.o
                0x080010a0                dbg_check_lock
 .text.dbg_check_unlock
                0x080010e0       0x40 build/obj/chdebug.o
                0x080010e0                dbg_check_unlock
 .text.dbg_check_lock_from_isr
                0x08001120       0x40 build/obj/chdebug.o
                0x08001120                dbg_check_lock_from_isr
 .text.dbg_check_unlock_from_isr
                0x08001160       0x40 build/obj/chdebug.o
                0x08001160                dbg_check_unlock_from_isr
 .text.dbg_check_enter_isr
                0x080011a0       0x60 build/obj/chdebug.o
                0x080011a0                dbg_check_enter_isr
 .text.dbg_check_leave_isr
                0x08001200       0x60 build/obj/chdebug.o
                0x08001200                dbg_check_leave_isr
 .text.chDbgCheckClassI
                0x08001260       0x30 build/obj/chdebug.o
                0x08001260                chDbgCheckClassI
 .text.chDbgCheckClassS
                0x08001290       0x30 build/obj/chdebug.o
                0x08001290                chDbgCheckClassS
 .text._trace_init
                0x080012c0       0x20 build/obj/chdebug.o
                0x080012c0                _trace_init
 .text.dbg_trace
                0x080012e0       0xa0 build/obj/chdebug.o
                0x080012e0                dbg_trace
 .text.chDbgPanic
                0x08001380       0x20 build/obj/chdebug.o
                0x08001380                chDbgPanic
 .text._vt_init
                0x080013a0       0x50 build/obj/chvt.o
                0x080013a0                _vt_init
 .text.chVTSetI
                0x080013f0       0xb0 build/obj/chvt.o
                0x080013f0                chVTSetI
 .text.chVTResetI
                0x080014a0       0x80 build/obj/chvt.o
                0x080014a0                chVTResetI
 .text.fifo_remove
                0x08001520       0x30 build/obj/chschd.o
 .text.dequeue  0x08001550       0x20 build/obj/chschd.o
 .text._scheduler_init
                0x08001570       0x60 build/obj/chschd.o
                0x08001570                _scheduler_init
 .text.chSchReadyI
                0x080015d0       0x80 build/obj/chschd.o
                0x080015d0                chSchReadyI
 .text.chSchGoSleepS
                0x08001650       0x90 build/obj/chschd.o
                0x08001650                chSchGoSleepS
 .text.wakeup   0x080016e0       0xa0 build/obj/chschd.o
 .text.chSchGoSleepTimeoutS
                0x08001780       0x70 build/obj/chschd.o
                0x08001780                chSchGoSleepTimeoutS
 .text.chSchWakeupS
                0x080017f0       0x90 build/obj/chschd.o
                0x080017f0                chSchWakeupS
 .text.chSchDoRescheduleBehind
                0x08001880       0x80 build/obj/chschd.o
                0x08001880                chSchDoRescheduleBehind
 .text.chSchDoRescheduleAhead
                0x08001900       0xc0 build/obj/chschd.o
                0x08001900                chSchDoRescheduleAhead
 .text.chSchDoReschedule
                0x080019c0       0x20 build/obj/chschd.o
                0x080019c0                chSchDoReschedule
 .text.list_remove
                0x080019e0       0x20 build/obj/chthreads.o
 .text._thread_init
                0x08001a00       0xc0 build/obj/chthreads.o
                0x08001a00                _thread_init
 .text._thread_memfill
                0x08001ac0       0x30 build/obj/chthreads.o
                0x08001ac0                _thread_memfill
 .text.chThdCreateI
                0x08001af0       0x80 build/obj/chthreads.o
                0x08001af0                chThdCreateI
 .text.chThdCreateStatic
                0x08001b70       0x80 build/obj/chthreads.o
                0x08001b70                chThdCreateStatic
 .text.chThdSleep
                0x08001bf0       0x40 build/obj/chthreads.o
                0x08001bf0                chThdSleep
 .text.chThdExit
                0x08001c30       0x20 build/obj/chthreads.o
                0x08001c30                chThdExit
 .text.chThdExitS
                0x08001c50       0x80 build/obj/chthreads.o
                0x08001c50                chThdExitS
 .text.chMtxInit
                0x08001cd0       0x40 build/obj/chmtx.o
                0x08001cd0                chMtxInit
 .text.chEvtBroadcastFlagsI
                0x08001d10       0x60 build/obj/chevents.o
                0x08001d10                chEvtBroadcastFlagsI
 .text.chEvtSignalI
                0x08001d70       0x70 build/obj/chevents.o
                0x08001d70                chEvtSignalI
 .text.queue_insert
                0x08001de0       0x30 build/obj/chqueues.o
 .text.fifo_remove
                0x08001e10       0x30 build/obj/chqueues.o
 .text.qwait    0x08001e40       0x50 build/obj/chqueues.o
 .text.chIQInit
                0x08001e90       0x50 build/obj/chqueues.o
                0x08001e90                chIQInit
 .text.chIQPutI
                0x08001ee0       0xa0 build/obj/chqueues.o
                0x08001ee0                chIQPutI
 .text.chIQGetTimeout
                0x08001f80       0xa0 build/obj/chqueues.o
                0x08001f80                chIQGetTimeout
 .text.chIQReadTimeout
                0x08002020       0xe0 build/obj/chqueues.o
                0x08002020                chIQReadTimeout
 .text.chOQInit
                0x08002100       0x50 build/obj/chqueues.o
                0x08002100                chOQInit
 .text.chOQPutTimeout
                0x08002150       0xa0 build/obj/chqueues.o
                0x08002150                chOQPutTimeout
 .text.chOQGetI
                0x080021f0       0xa0 build/obj/chqueues.o
                0x080021f0                chOQGetI
 .text.chOQWriteTimeout
                0x08002290       0xe0 build/obj/chqueues.o
                0x08002290                chOQWriteTimeout
 .text._core_init
                0x08002370       0x40 build/obj/chmemcore.o
                0x08002370                _core_init
 .text.chCoreAlloc
                0x080023b0       0x30 build/obj/chmemcore.o
                0x080023b0                chCoreAlloc
 .text.chCoreAllocI
                0x080023e0       0x70 build/obj/chmemcore.o
                0x080023e0                chCoreAllocI
 .text._heap_init
                0x08002450       0x40 build/obj/chheap.o
                0x08002450                _heap_init
 .text.halInit  0x08002490       0x40 build/obj/hal.o
                0x08002490                halInit
 .text.adcInit  0x080024d0       0x10 build/obj/adc.o
                0x080024d0                adcInit
 .text.adcObjectInit
                0x080024e0       0x50 build/obj/adc.o
                0x080024e0                adcObjectInit
 .text.extInit  0x08002530       0x10 build/obj/ext.o
                0x08002530                extInit
 .text.extObjectInit
                0x08002540       0x20 build/obj/ext.o
                0x08002540                extObjectInit
 .text.gptInit  0x08002560       0x10 build/obj/gpt.o
                0x08002560                gptInit
 .text.gptObjectInit
                0x08002570       0x20 build/obj/gpt.o
                0x08002570                gptObjectInit
 .text.i2cInit  0x08002590       0x10 build/obj/i2c.o
                0x08002590                i2cInit
 .text.i2cObjectInit
                0x080025a0       0x30 build/obj/i2c.o
                0x080025a0                i2cObjectInit
 .text.icuInit  0x080025d0       0x10 build/obj/icu.o
                0x080025d0                icuInit
 .text.icuObjectInit
                0x080025e0       0x20 build/obj/icu.o
                0x080025e0                icuObjectInit
 .text.mmcsd_get_slice
                0x08002600       0xb0 build/obj/mmcsd.o
 .text.mmcsdGetCapacity
                0x080026b0       0x90 build/obj/mmcsd.o
                0x080026b0                mmcsdGetCapacity
 .text.rtcInit  0x08002740       0x10 build/obj/rtc.o
                0x08002740                rtcInit
 .text.rtcGetTimeFat
                0x08002750       0x30 build/obj/rtc.o
                0x08002750                rtcGetTimeFat
 .text._sdc_wait_for_transfer_state
                0x08002780       0x70 build/obj/sdc.o
                0x08002780                _sdc_wait_for_transfer_state
 .text.sdcInit  0x080027f0       0x10 build/obj/sdc.o
                0x080027f0                sdcInit
 .text.sdcObjectInit
                0x08002800       0x40 build/obj/sdc.o
                0x08002800                sdcObjectInit
 .text.sdcStart
                0x08002840       0x70 build/obj/sdc.o
                0x08002840                sdcStart
 .text.sdcConnect
                0x080028b0      0x2b0 build/obj/sdc.o
                0x080028b0                sdcConnect
 .text.sdcDisconnect
                0x08002b60       0xb0 build/obj/sdc.o
                0x08002b60                sdcDisconnect
 .text.sdcRead  0x08002c10       0x90 build/obj/sdc.o
                0x08002c10                sdcRead
 .text.sdcWrite
                0x08002ca0       0x90 build/obj/sdc.o
                0x08002ca0                sdcWrite
 .text.sdcSync  0x08002d30       0x50 build/obj/sdc.o
                0x08002d30                sdcSync
 .text.sdcGetInfo
                0x08002d80       0x50 build/obj/sdc.o
                0x08002d80                sdcGetInfo
 .text.sdcErase
                0x08002dd0       0xf0 build/obj/sdc.o
                0x08002dd0                sdcErase
 .text.write    0x08002ec0       0x30 build/obj/serial.o
 .text.read     0x08002ef0       0x30 build/obj/serial.o
 .text.put      0x08002f20       0x30 build/obj/serial.o
 .text.get      0x08002f50       0x20 build/obj/serial.o
 .text.putt     0x08002f70       0x30 build/obj/serial.o
 .text.gett     0x08002fa0       0x20 build/obj/serial.o
 .text.writet   0x08002fc0       0x30 build/obj/serial.o
 .text.readt    0x08002ff0       0x30 build/obj/serial.o
 .text.sdInit   0x08003020       0x10 build/obj/serial.o
                0x08003020                sdInit
 .text.sdObjectInit
                0x08003030       0x70 build/obj/serial.o
                0x08003030                sdObjectInit
 .text.sdStart  0x080030a0       0x70 build/obj/serial.o
                0x080030a0                sdStart
 .text.sdIncomingDataI
                0x08003110       0x70 build/obj/serial.o
                0x08003110                sdIncomingDataI
 .text.spiInit  0x08003180       0x10 build/obj/spi.o
                0x08003180                spiInit
 .text.spiObjectInit
                0x08003190       0x30 build/obj/spi.o
                0x08003190                spiObjectInit
 .text.Vector6C
                0x080031c0       0x60 build/obj/stm32_dma.o
                0x080031c0                Vector6C
 .text.Vector70
                0x08003220       0x60 build/obj/stm32_dma.o
                0x08003220                Vector70
 .text.Vector74
                0x08003280       0x60 build/obj/stm32_dma.o
                0x08003280                Vector74
 .text.Vector78
                0x080032e0       0x60 build/obj/stm32_dma.o
                0x080032e0                Vector78
 .text.Vector7C
                0x08003340       0x60 build/obj/stm32_dma.o
                0x08003340                Vector7C
 .text.Vector80
                0x080033a0       0x60 build/obj/stm32_dma.o
                0x080033a0                Vector80
 .text.Vector84
                0x08003400       0x60 build/obj/stm32_dma.o
                0x08003400                Vector84
 .text.VectorFC
                0x08003460       0x60 build/obj/stm32_dma.o
                0x08003460                VectorFC
 .text.Vector120
                0x080034c0       0x60 build/obj/stm32_dma.o
                0x080034c0                Vector120
 .text.Vector124
                0x08003520       0x60 build/obj/stm32_dma.o
                0x08003520                Vector124
 .text.Vector128
                0x08003580       0x60 build/obj/stm32_dma.o
                0x08003580                Vector128
 .text.Vector12C
                0x080035e0       0x60 build/obj/stm32_dma.o
                0x080035e0                Vector12C
 .text.Vector130
                0x08003640       0x60 build/obj/stm32_dma.o
                0x08003640                Vector130
 .text.Vector150
                0x080036a0       0x60 build/obj/stm32_dma.o
                0x080036a0                Vector150
 .text.Vector154
                0x08003700       0x60 build/obj/stm32_dma.o
                0x08003700                Vector154
 .text.Vector158
                0x08003760       0x60 build/obj/stm32_dma.o
                0x08003760                Vector158
 .text.dmaInit  0x080037c0       0xa0 build/obj/stm32_dma.o
                0x080037c0                dmaInit
 .text.dmaStreamAllocate
                0x08003860      0x150 build/obj/stm32_dma.o
                0x08003860                dmaStreamAllocate
 .text.hal_lld_backup_domain_init
                0x080039b0      0x100 build/obj/hal_lld.o
 .text.hal_lld_init
                0x08003ab0      0x120 build/obj/hal_lld.o
                0x08003ab0                hal_lld_init
 .text.stm32_clock_init
                0x08003bd0      0x180 build/obj/hal_lld.o
                0x08003bd0                stm32_clock_init
 .text.Vector88
                0x08003d50      0x320 build/obj/adc_lld.o
                0x08003d50                Vector88
 .text.adc_lld_init
                0x08004070       0xd0 build/obj/adc_lld.o
                0x08004070                adc_lld_init
 .text.adc_lld_stop_conversion
                0x08004140       0x60 build/obj/adc_lld.o
                0x08004140                adc_lld_stop_conversion
 .text.Vector58
                0x080041a0       0x40 build/obj/ext_lld_isr.o
                0x080041a0                Vector58
 .text.Vector5C
                0x080041e0       0x40 build/obj/ext_lld_isr.o
                0x080041e0                Vector5C
 .text.Vector60
                0x08004220       0x40 build/obj/ext_lld_isr.o
                0x08004220                Vector60
 .text.Vector64
                0x08004260       0x40 build/obj/ext_lld_isr.o
                0x08004260                Vector64
 .text.Vector68
                0x080042a0       0x40 build/obj/ext_lld_isr.o
                0x080042a0                Vector68
 .text.Vector9C
                0x080042e0       0xf0 build/obj/ext_lld_isr.o
                0x080042e0                Vector9C
 .text.VectorE0
                0x080043d0      0x110 build/obj/ext_lld_isr.o
                0x080043d0                VectorE0
 .text.Vector44
                0x080044e0       0x40 build/obj/ext_lld_isr.o
                0x080044e0                Vector44
 .text.VectorE4
                0x08004520       0x40 build/obj/ext_lld_isr.o
                0x08004520                VectorE4
 .text.VectorE8
                0x08004560       0x40 build/obj/ext_lld_isr.o
                0x08004560                VectorE8
 .text.Vector138
                0x080045a0       0x40 build/obj/ext_lld_isr.o
                0x080045a0                Vector138
 .text.Vector170
                0x080045e0       0x40 build/obj/ext_lld_isr.o
                0x080045e0                Vector170
 .text.Vector4C
                0x08004620       0x40 build/obj/ext_lld_isr.o
                0x08004620                Vector4C
 .text.ext_lld_init
                0x08004660       0x10 build/obj/ext_lld.o
                0x08004660                ext_lld_init
 .text.sdc_lld_prepare_read
                0x08004670       0x90 build/obj/sdc_lld.o
 .text.sdc_lld_prepare_write
                0x08004700       0x90 build/obj/sdc_lld.o
 .text.sdc_lld_wait_transaction_end
                0x08004790      0x100 build/obj/sdc_lld.o
 .text.sdc_lld_collect_errors
                0x08004890       0xa0 build/obj/sdc_lld.o
 .text.sdc_lld_error_cleanup
                0x08004930       0xc0 build/obj/sdc_lld.o
 .text.Vector104
                0x080049f0       0x70 build/obj/sdc_lld.o
                0x080049f0                Vector104
 .text.sdc_lld_init
                0x08004a60       0x40 build/obj/sdc_lld.o
                0x08004a60                sdc_lld_init
 .text.sdc_lld_start
                0x08004aa0       0xe0 build/obj/sdc_lld.o
                0x08004aa0                sdc_lld_start
 .text.sdc_lld_start_clk
                0x08004b80       0x50 build/obj/sdc_lld.o
                0x08004b80                sdc_lld_start_clk
 .text.sdc_lld_set_data_clk
                0x08004bd0       0x20 build/obj/sdc_lld.o
                0x08004bd0                sdc_lld_set_data_clk
 .text.sdc_lld_stop_clk
                0x08004bf0       0x30 build/obj/sdc_lld.o
                0x08004bf0                sdc_lld_stop_clk
 .text.sdc_lld_set_bus_mode
                0x08004c20       0x60 build/obj/sdc_lld.o
                0x08004c20                sdc_lld_set_bus_mode
 .text.sdc_lld_send_cmd_none
                0x08004c80       0x50 build/obj/sdc_lld.o
                0x08004c80                sdc_lld_send_cmd_none
 .text.sdc_lld_send_cmd_short
                0x08004cd0       0x90 build/obj/sdc_lld.o
                0x08004cd0                sdc_lld_send_cmd_short
 .text.sdc_lld_send_cmd_short_crc
                0x08004d60       0x90 build/obj/sdc_lld.o
                0x08004d60                sdc_lld_send_cmd_short_crc
 .text.sdc_lld_send_cmd_long_crc
                0x08004df0       0xd0 build/obj/sdc_lld.o
                0x08004df0                sdc_lld_send_cmd_long_crc
 .text.sdc_lld_read_aligned
                0x08004ec0      0x110 build/obj/sdc_lld.o
                0x08004ec0                sdc_lld_read_aligned
 .text.sdc_lld_write_aligned
                0x08004fd0      0x110 build/obj/sdc_lld.o
                0x08004fd0                sdc_lld_write_aligned
 .text.sdc_lld_read
                0x080050e0       0xa0 build/obj/sdc_lld.o
                0x080050e0                sdc_lld_read
 .text.sdc_lld_write
                0x08005180       0xa0 build/obj/sdc_lld.o
                0x08005180                sdc_lld_write
 .text.sdc_lld_sync
                0x08005220       0x10 build/obj/sdc_lld.o
                0x08005220                sdc_lld_sync
 .text.initgpio
                0x08005230       0x50 build/obj/pal_lld.o
 .text._pal_lld_init
                0x08005280      0x100 build/obj/pal_lld.o
                0x08005280                _pal_lld_init
 .text.i2c_lld_serve_event_interrupt
                0x08005380      0x190 build/obj/i2c_lld.o
 .text.i2c_lld_serve_error_interrupt
                0x08005510      0x1a0 build/obj/i2c_lld.o
 .text.VectorC4
                0x080056b0       0x20 build/obj/i2c_lld.o
                0x080056b0                VectorC4
 .text.VectorC8
                0x080056d0       0x60 build/obj/i2c_lld.o
                0x080056d0                VectorC8
 .text.i2c_lld_init
                0x08005730       0x50 build/obj/i2c_lld.o
                0x08005730                i2c_lld_init
 .text.rtc_lld_init
                0x08005780       0xe0 build/obj/rtc_lld.o
                0x08005780                rtc_lld_init
 .text.rtc_lld_get_time
                0x08005860       0x90 build/obj/rtc_lld.o
                0x08005860                rtc_lld_get_time
 .text.rtc_lld_get_time_fat
                0x080058f0      0x190 build/obj/rtc_lld.o
                0x080058f0                rtc_lld_get_time_fat
 .text.spi_lld_init
                0x08005a80       0xe0 build/obj/spi_lld.o
                0x08005a80                spi_lld_init
 .text.gpt_lld_serve_interrupt
                0x08005b60       0x40 build/obj/gpt_lld.o
 .text.VectorF4
                0x08005ba0       0x20 build/obj/gpt_lld.o
                0x08005ba0                VectorF4
 .text.gpt_lld_init
                0x08005bc0       0x30 build/obj/gpt_lld.o
                0x08005bc0                gpt_lld_init
 .text.gpt_lld_stop_timer
                0x08005bf0       0x30 build/obj/gpt_lld.o
                0x08005bf0                gpt_lld_stop_timer
 .text.icu_lld_serve_interrupt
                0x08005c20      0x100 build/obj/icu_lld.o
 .text.VectorA4
                0x08005d20       0x20 build/obj/icu_lld.o
                0x08005d20                VectorA4
 .text.VectorAC
                0x08005d40       0x20 build/obj/icu_lld.o
                0x08005d40                VectorAC
 .text.icu_lld_init
                0x08005d60       0x30 build/obj/icu_lld.o
                0x08005d60                icu_lld_init
 .text.usart_init
                0x08005d90       0xb0 build/obj/serial_lld.o
 .text.set_error
                0x08005e40       0x90 build/obj/serial_lld.o
 .text.serve_interrupt
                0x08005ed0      0x180 build/obj/serial_lld.o
 .text.notify1  0x08006050       0x30 build/obj/serial_lld.o
 .text.notify2  0x08006080       0x30 build/obj/serial_lld.o
 .text.notify6  0x080060b0       0x30 build/obj/serial_lld.o
 .text.VectorD4
                0x080060e0       0x20 build/obj/serial_lld.o
                0x080060e0                VectorD4
 .text.VectorD8
                0x08006100       0x20 build/obj/serial_lld.o
                0x08006100                VectorD8
 .text.Vector15C
                0x08006120       0x20 build/obj/serial_lld.o
                0x08006120                Vector15C
 .text.sd_lld_init
                0x08006140       0x90 build/obj/serial_lld.o
                0x08006140                sd_lld_init
 .text.sd_lld_start
                0x080061d0       0xd0 build/obj/serial_lld.o
                0x080061d0                sd_lld_start
 .text.__early_init
                0x080062a0       0x10 build/obj/board.o
                0x080062a0                __early_init
 .text.sdc_lld_is_card_inserted
                0x080062b0       0x30 build/obj/board.o
                0x080062b0                sdc_lld_is_card_inserted
 .text.sdc_lld_is_write_protected
                0x080062e0       0x30 build/obj/board.o
                0x080062e0                sdc_lld_is_write_protected
 .text.boardInit
                0x08006310       0x10 build/obj/board.o
                0x08006310                boardInit
 .text.long_to_string_with_divisor
                0x08006320       0xc0 build/obj/chprintf.o
 .text.ltoa     0x080063e0       0x20 build/obj/chprintf.o
 .text.ftoa     0x08006400       0xb0 build/obj/chprintf.o
 .text.chprintf
                0x080064b0      0x520 build/obj/chprintf.o
                0x080064b0                chprintf
 .text.disk_initialize
                0x080069d0       0x70 build/obj/fatfs_diskio.o
                0x080069d0                disk_initialize
 .text.disk_status
                0x08006a40       0x70 build/obj/fatfs_diskio.o
                0x08006a40                disk_status
 .text.disk_read
                0x08006ab0       0x60 build/obj/fatfs_diskio.o
                0x08006ab0                disk_read
 .text.disk_write
                0x08006b10       0x60 build/obj/fatfs_diskio.o
                0x08006b10                disk_write
 .text.disk_ioctl
                0x08006b70       0xb0 build/obj/fatfs_diskio.o
                0x08006b70                disk_ioctl
 .text.get_fattime
                0x08006c20       0x20 build/obj/fatfs_diskio.o
                0x08006c20                get_fattime
 .text.mem_cpy  0x08006c40       0x50 build/obj/ff.o
 .text.mem_set  0x08006c90       0x40 build/obj/ff.o
 .text.mem_cmp  0x08006cd0       0x70 build/obj/ff.o
 .text.chk_chr  0x08006d40       0x30 build/obj/ff.o
 .text.sync_window
                0x08006d70       0xa0 build/obj/ff.o
 .text.move_window
                0x08006e10       0x60 build/obj/ff.o
 .text.sync_fs  0x08006e70      0x180 build/obj/ff.o
 .text.clust2sect
                0x08006ff0       0x40 build/obj/ff.o
                0x08006ff0                clust2sect
 .text.get_fat  0x08007030      0x1a0 build/obj/ff.o
                0x08007030                get_fat
 .text.put_fat  0x080071d0      0x280 build/obj/ff.o
                0x080071d0                put_fat
 .text.remove_chain
                0x08007450      0x110 build/obj/ff.o
 .text.create_chain
                0x08007560      0x130 build/obj/ff.o
 .text.dir_sdi  0x08007690      0x130 build/obj/ff.o
 .text.dir_next
                0x080077c0      0x1f0 build/obj/ff.o
 .text.dir_alloc
                0x080079b0       0xa0 build/obj/ff.o
 .text.ld_clust
                0x08007a50       0x60 build/obj/ff.o
 .text.st_clust
                0x08007ab0       0x60 build/obj/ff.o
 .text.dir_find
                0x08007b10       0xc0 build/obj/ff.o
 .text.dir_register
                0x08007bd0       0x80 build/obj/ff.o
 .text.create_name
                0x08007c50      0x200 build/obj/ff.o
 .text.follow_path
                0x08007e50      0x100 build/obj/ff.o
 .text.check_fs
                0x08007f50       0xe0 build/obj/ff.o
 .text.chk_mounted
                0x08008030      0x630 build/obj/ff.o
 .text.validate
                0x08008660       0x60 build/obj/ff.o
 .text.f_mount  0x080086c0       0x70 build/obj/ff.o
                0x080086c0                f_mount
 .text.f_open   0x08008730      0x2e0 build/obj/ff.o
                0x08008730                f_open
 .text.f_write  0x08008a10      0x360 build/obj/ff.o
                0x08008a10                f_write
 .text.f_sync   0x08008d70      0x190 build/obj/ff.o
                0x08008d70                f_sync
 .text.panic_it
                0x08008f00       0x70 build/obj/main.o
                0x08008f00                panic_it
 .text.main     0x08008f70      0x3a0 build/obj/main.o
                0x08008f70                main
 .text.memcpy   0x08009310      0x144 c:/chibistudio/tools/gnu tools arm embedded/4.7 2013q1/bin/../lib/gcc/arm-none-eabi/4.7.3/../../../../arm-none-eabi/lib/armv7e-m\libc.a(lib_a-memcpy.o)
                0x08009310                memcpy
 *fill*         0x08009454        0xc 00
 .text.memset   0x08009460      0x12c c:/chibistudio/tools/gnu tools arm embedded/4.7 2013q1/bin/../lib/gcc/arm-none-eabi/4.7.3/../../../../arm-none-eabi/lib/armv7e-m\libc.a(lib_a-memset.o)
                0x08009460                memset
 *(.rodata)
 *fill*         0x0800958c        0x4 00
 .rodata        0x08009590        0x8 build/obj/chsys.o
 *fill*         0x08009598        0x8 00
 .rodata        0x080095a0       0x58 build/obj/chdebug.o
 *fill*         0x080095f8        0x8 00
 .rodata        0x08009600       0x34 build/obj/chvt.o
 *fill*         0x08009634        0xc 00
 .rodata        0x08009640       0x24 build/obj/chschd.o
 *fill*         0x08009664        0xc 00
 .rodata        0x08009670       0x94 build/obj/chthreads.o
 *fill*         0x08009704        0xc 00
 .rodata        0x08009710       0xac build/obj/chmtx.o
 *fill*         0x080097bc        0x4 00
 .rodata        0x080097c0       0x90 build/obj/chevents.o
 .rodata        0x08009850       0x2c build/obj/chqueues.o
 *fill*         0x0800987c        0x4 00
 .rodata        0x08009880       0x14 build/obj/mmcsd.o
 *fill*         0x08009894        0xc 00
 .rodata        0x080098a0       0x40 build/obj/rtc.o
 .rodata        0x080098e0      0x138 build/obj/sdc.o
 *fill*         0x08009a18        0x8 00
 .rodata        0x08009a20       0x60 build/obj/serial.o
 .rodata        0x08009a80       0x48 build/obj/stm32_dma.o
 *fill*         0x08009ac8        0x8 00
 .rodata        0x08009ad0       0x80 build/obj/sdc_lld.o
 .rodata        0x08009b50        0x8 build/obj/chprintf.o
 *fill*         0x08009b58        0x8 00
 .rodata        0x08009b60       0x54 build/obj/ff.o
 *fill*         0x08009bb4        0xc 00
 .rodata        0x08009bc0       0xa8 build/obj/main.o
 *(.rodata.*)
 *fill*         0x08009c68        0x8 00
 .rodata.ch_debug
                0x08009c70       0x18 build/obj/chregistry.o
                0x08009c70                ch_debug
 *fill*         0x08009c88        0x8 00
 .rodata.sdc_vmt
                0x08009c90       0x20 build/obj/sdc.o
 .rodata.vmt    0x08009cb0       0x20 build/obj/serial.o
 .rodata._stm32_dma_streams
                0x08009cd0       0xc0 build/obj/stm32_dma.o
                0x08009cd0                _stm32_dma_streams
 .rodata.default_config
                0x08009d90        0xc build/obj/serial_lld.o
 *fill*         0x08009d9c        0x4 00
 .rodata.pal_default_config
                0x08009da0       0xfc build/obj/board.o
                0x08009da0                pal_default_config
 *fill*         0x08009e9c        0x4 00
 .rodata.ExCvt  0x08009ea0       0x80 build/obj/ff.o
 .rodata.sdio_cfg
                0x08009f20        0x4 build/obj/main.o
 *(.glue_7t)
 .glue_7t       0x00000000        0x0 linker stubs
 *(.glue_7)
 .glue_7        0x00000000        0x0 linker stubs
 *(.gcc*)

.vfp11_veneer   0x08009f24        0x0
 .vfp11_veneer  0x00000000        0x0 linker stubs

.v4_bx          0x08009f24        0x0
 .v4_bx         0x00000000        0x0 linker stubs

.iplt           0x08009f24        0x0
 .iplt          0x00000000        0x0 build/obj/crt0.o

.rel.dyn        0x08009f24        0x0
 .rel.iplt      0x00000000        0x0 build/obj/crt0.o

.ARM.extab
 *(.ARM.extab* .gnu.linkonce.armextab.*)

.ARM.exidx      0x08009f24        0x0
                0x08009f24                PROVIDE (__exidx_start, .)
 *(.ARM.exidx* .gnu.linkonce.armexidx.*)
                0x08009f24                PROVIDE (__exidx_end, .)

.eh_frame_hdr
 *(.eh_frame_hdr)

.eh_frame
 *(.eh_frame)

.textalign      0x08009f24        0x4
                0x08009f28                . = ALIGN (0x8)
 *fill*         0x08009f24        0x4 00
                0x08009f28                . = ALIGN (0x4)
                0x08009f28                _etext = .
                0x08009f28                _textdata = _etext

.stacks         0x20000000      0x800
                0x20000000                . = ALIGN (0x8)
                0x20000000                __main_stack_base__ = .
                0x20000400                . = (. + __main_stack_size__)
 *fill*         0x20000000      0x400 00
                0x20000400                . = ALIGN (0x8)
                0x20000400                __main_stack_end__ = .
                0x20000400                __process_stack_base__ = .
                0x20000400                __main_thread_stack_base__ = .
                0x20000800                . = (. + __process_stack_size__)
 *fill*         0x20000400      0x400 00
                0x20000800                . = ALIGN (0x8)
                0x20000800                __process_stack_end__ = .
                0x20000800                __main_thread_stack_end__ = .

.data           0x20000800        0x0 load address 0x08009f28
                0x20000800                . = ALIGN (0x4)
                0x20000800                PROVIDE (_data, .)
 *(.data)
                0x20000800                . = ALIGN (0x4)
 *(.data.*)
                0x20000800                . = ALIGN (0x4)
 *(.ramtext)
                0x20000800                . = ALIGN (0x4)
                0x20000800                PROVIDE (_edata, .)

.igot.plt       0x20000800        0x0 load address 0x08009f28
 .igot.plt      0x00000000        0x0 build/obj/crt0.o

.bss            0x20000800     0x513c load address 0x08009f28
                0x20000800                . = ALIGN (0x4)
                0x20000800                PROVIDE (_bss_start, .)
 *(.bss)
                0x20000800                . = ALIGN (0x4)
 *(.bss.*)
 .bss._idle_thread_wa
                0x20000800      0x158 build/obj/chsys.o
                0x20000800                _idle_thread_wa
 .bss.mainthread.4858
                0x20000958       0x4c build/obj/chsys.o
 .bss.dbg_isr_cnt
                0x200009a4        0x4 build/obj/chdebug.o
                0x200009a4                dbg_isr_cnt
 .bss.dbg_lock_cnt
                0x200009a8        0x4 build/obj/chdebug.o
                0x200009a8                dbg_lock_cnt
 .bss.dbg_trace_buffer
                0x200009ac      0x408 build/obj/chdebug.o
                0x200009ac                dbg_trace_buffer
 .bss.dbg_panic_msg
                0x20000db4        0x4 build/obj/chdebug.o
                0x20000db4                dbg_panic_msg
 .bss.vtlist    0x20000db8       0x10 build/obj/chvt.o
                0x20000db8                vtlist
 .bss.rlist     0x20000dc8       0x1c build/obj/chschd.o
                0x20000dc8                rlist
 .bss.nextmem   0x20000de4        0x4 build/obj/chmemcore.o
 .bss.endmem    0x20000de8        0x4 build/obj/chmemcore.o
 *fill*         0x20000dec        0x4 00
 .bss.default_heap
                0x20000df0       0x20 build/obj/chheap.o
 .bss.dma_streams_mask
                0x20000e10        0x4 build/obj/stm32_dma.o
 .bss.dma_isr_redir
                0x20000e14       0x80 build/obj/stm32_dma.o
 .bss.ADCD1     0x20000e94       0x34 build/obj/adc_lld.o
                0x20000e94                ADCD1
 .bss.ADCD2     0x20000ec8       0x34 build/obj/adc_lld.o
                0x20000ec8                ADCD2
 .bss.ADCD3     0x20000efc       0x34 build/obj/adc_lld.o
                0x20000efc                ADCD3
 .bss.EXTD1     0x20000f30        0x8 build/obj/ext_lld.o
                0x20000f30                EXTD1
 .bss.SDCD1     0x20000f38       0x4c build/obj/sdc_lld.o
                0x20000f38                SDCD1
 .bss.u         0x20000f84      0x200 build/obj/sdc_lld.o
 .bss.I2CD2     0x20001184       0x38 build/obj/i2c_lld.o
                0x20001184                I2CD2
 .bss.RTCD1     0x200011bc        0x4 build/obj/rtc_lld.o
                0x200011bc                RTCD1
 .bss.SPID1     0x200011c0       0x30 build/obj/spi_lld.o
                0x200011c0                SPID1
 .bss.SPID2     0x200011f0       0x30 build/obj/spi_lld.o
                0x200011f0                SPID2
 .bss.dummytx   0x20001220        0x2 build/obj/spi_lld.o
 *fill*         0x20001222        0x2 00
 .bss.GPTD14    0x20001224       0x10 build/obj/gpt_lld.o
                0x20001224                GPTD14
 .bss.ICUD1     0x20001234       0x18 build/obj/icu_lld.o
                0x20001234                ICUD1
 .bss.SD1       0x2000124c       0xd8 build/obj/serial_lld.o
                0x2000124c                SD1
 .bss.SD2       0x20001324       0xd8 build/obj/serial_lld.o
                0x20001324                SD2
 .bss.SD6       0x200013fc       0xd8 build/obj/serial_lld.o
                0x200013fc                SD6
 .bss.FatFs     0x200014d4        0x4 build/obj/ff.o
 .bss.Fsid      0x200014d8        0x2 build/obj/ff.o
 *fill*         0x200014da        0x2 00
 .bss.buf       0x200014dc     0x4000 build/obj/main.o
                0x200014dc                buf
 .bss.SDC_FS    0x200054dc      0x234 build/obj/main.o
                0x200054dc                SDC_FS
 .bss.kbfile    0x20005710      0x224 build/obj/main.o
                0x20005710                kbfile
 .bss.stat      0x20005934        0x1 build/obj/main.o
                0x20005934                stat
 *fill*         0x20005935        0x3 00
 .bss.loop.7729
                0x20005938        0x4 build/obj/main.o
                0x2000593c                . = ALIGN (0x4)
 *(COMMON)
                0x2000593c                . = ALIGN (0x4)
                0x2000593c                PROVIDE (_bss_end, .)
                0x2000593c                PROVIDE (end, .)
                0x2000593c                _end = .
                0x2000593c                __heap_base__ = _end
                0x2001c000                __heap_end__ = __ram_end__
OUTPUT(build/kuroBox_FileTest.elf elf32-littlearm)

.debug_info     0x00000000    0x1b71c
 .debug_info    0x00000000      0x2a3 build/obj/crt0.o
 .debug_info    0x000002a3      0x1f0 build/obj/vectors.o
 .debug_info    0x00000493       0x9a build/obj/chcore.o
 .debug_info    0x0000052d      0xa98 build/obj/chcore_v7m.o
 .debug_info    0x00000fc5      0x44d build/obj/nvic.o
 .debug_info    0x00001412      0x8c0 build/obj/chsys.o
 .debug_info    0x00001cd2      0x8fe build/obj/chdebug.o
 .debug_info    0x000025d0      0x272 build/obj/chvt.o
 .debug_info    0x00002842      0x92a build/obj/chschd.o
 .debug_info    0x0000316c      0xb9b build/obj/chthreads.o
 .debug_info    0x00003d07      0x77d build/obj/chregistry.o
 .debug_info    0x00004484      0x92f build/obj/chmtx.o
 .debug_info    0x00004db3      0xdd6 build/obj/chevents.o
 .debug_info    0x00005b89      0xbad build/obj/chqueues.o
 .debug_info    0x00006736      0x1e6 build/obj/chmemcore.o
 .debug_info    0x0000691c      0x75f build/obj/chheap.o
 .debug_info    0x0000707b      0x325 build/obj/hal.o
 .debug_info    0x000073a0      0xdba build/obj/adc.o
 .debug_info    0x0000815a      0x3e0 build/obj/ext.o
 .debug_info    0x0000853a      0x697 build/obj/gpt.o
 .debug_info    0x00008bd1      0xbdd build/obj/i2c.o
 .debug_info    0x000097ae      0x57f build/obj/icu.o
 .debug_info    0x00009d2d      0x18f build/obj/mmcsd.o
 .debug_info    0x00009ebc      0x609 build/obj/rtc.o
 .debug_info    0x0000a4c5      0xea7 build/obj/sdc.o
 .debug_info    0x0000b36c      0xdb2 build/obj/serial.o
 .debug_info    0x0000c11e      0xfc7 build/obj/spi.o
 .debug_info    0x0000d0e5      0xa1c build/obj/stm32_dma.o
 .debug_info    0x0000db01      0x4c2 build/obj/hal_lld.o
 .debug_info    0x0000dfc3     0x1261 build/obj/adc_lld.o
 .debug_info    0x0000f224      0x5eb build/obj/ext_lld_isr.o
 .debug_info    0x0000f80f      0x3c7 build/obj/ext_lld.o
 .debug_info    0x0000fbd6     0x1656 build/obj/sdc_lld.o
 .debug_info    0x0001122c      0x60c build/obj/pal_lld.o
 .debug_info    0x00011838     0x14c9 build/obj/i2c_lld.o
 .debug_info    0x00012d01      0x682 build/obj/rtc_lld.o
 .debug_info    0x00013383      0xf0a build/obj/spi_lld.o
 .debug_info    0x0001428d      0x8c8 build/obj/gpt_lld.o
 .debug_info    0x00014b55      0x96e build/obj/icu_lld.o
 .debug_info    0x000154c3     0x11c6 build/obj/serial_lld.o
 .debug_info    0x00016689      0xcb7 build/obj/board.o
 .debug_info    0x00017340      0x41e build/obj/chprintf.o
 .debug_info    0x0001775e      0xec8 build/obj/fatfs_diskio.o
 .debug_info    0x00018626     0x1ba0 build/obj/ff.o
 .debug_info    0x0001a1c6     0x1556 build/obj/main.o

.debug_abbrev   0x00000000     0x4a25
 .debug_abbrev  0x00000000       0xaf build/obj/crt0.o
 .debug_abbrev  0x000000af       0xb1 build/obj/vectors.o
 .debug_abbrev  0x00000160       0x44 build/obj/chcore.o
 .debug_abbrev  0x000001a4      0x1ba build/obj/chcore_v7m.o
 .debug_abbrev  0x0000035e       0xf2 build/obj/nvic.o
 .debug_abbrev  0x00000450      0x18d build/obj/chsys.o
 .debug_abbrev  0x000005dd      0x1ea build/obj/chdebug.o
 .debug_abbrev  0x000007c7      0x126 build/obj/chvt.o
 .debug_abbrev  0x000008ed      0x204 build/obj/chschd.o
 .debug_abbrev  0x00000af1      0x22c build/obj/chthreads.o
 .debug_abbrev  0x00000d1d      0x14b build/obj/chregistry.o
 .debug_abbrev  0x00000e68      0x1c8 build/obj/chmtx.o
 .debug_abbrev  0x00001030      0x1fe build/obj/chevents.o
 .debug_abbrev  0x0000122e      0x244 build/obj/chqueues.o
 .debug_abbrev  0x00001472       0xf9 build/obj/chmemcore.o
 .debug_abbrev  0x0000156b      0x181 build/obj/chheap.o
 .debug_abbrev  0x000016ec      0x129 build/obj/hal.o
 .debug_abbrev  0x00001815      0x1ff build/obj/adc.o
 .debug_abbrev  0x00001a14      0x160 build/obj/ext.o
 .debug_abbrev  0x00001b74      0x187 build/obj/gpt.o
 .debug_abbrev  0x00001cfb      0x1de build/obj/i2c.o
 .debug_abbrev  0x00001ed9      0x15e build/obj/icu.o
 .debug_abbrev  0x00002037       0xd5 build/obj/mmcsd.o
 .debug_abbrev  0x0000210c      0x146 build/obj/rtc.o
 .debug_abbrev  0x00002252      0x252 build/obj/sdc.o
 .debug_abbrev  0x000024a4      0x209 build/obj/serial.o
 .debug_abbrev  0x000026ad      0x206 build/obj/spi.o
 .debug_abbrev  0x000028b3      0x1ad build/obj/stm32_dma.o
 .debug_abbrev  0x00002a60      0x104 build/obj/hal_lld.o
 .debug_abbrev  0x00002b64      0x26c build/obj/adc_lld.o
 .debug_abbrev  0x00002dd0      0x184 build/obj/ext_lld_isr.o
 .debug_abbrev  0x00002f54      0x19e build/obj/ext_lld.o
 .debug_abbrev  0x000030f2      0x2f8 build/obj/sdc_lld.o
 .debug_abbrev  0x000033ea      0x172 build/obj/pal_lld.o
 .debug_abbrev  0x0000355c      0x2b3 build/obj/i2c_lld.o
 .debug_abbrev  0x0000380f      0x1a0 build/obj/rtc_lld.o
 .debug_abbrev  0x000039af      0x257 build/obj/spi_lld.o
 .debug_abbrev  0x00003c06      0x191 build/obj/gpt_lld.o
 .debug_abbrev  0x00003d97      0x1db build/obj/icu_lld.o
 .debug_abbrev  0x00003f72      0x236 build/obj/serial_lld.o
 .debug_abbrev  0x000041a8      0x1b6 build/obj/board.o
 .debug_abbrev  0x0000435e      0x155 build/obj/chprintf.o
 .debug_abbrev  0x000044b3      0x1b1 build/obj/fatfs_diskio.o
 .debug_abbrev  0x00004664      0x1a1 build/obj/ff.o
 .debug_abbrev  0x00004805      0x220 build/obj/main.o

.debug_aranges  0x00000000     0x1160
 .debug_aranges
                0x00000000       0x38 build/obj/crt0.o
 .debug_aranges
                0x00000038       0x20 build/obj/vectors.o
 .debug_aranges
                0x00000058       0x20 build/obj/chcore.o
 .debug_aranges
                0x00000078       0x50 build/obj/chcore_v7m.o
 .debug_aranges
                0x000000c8       0x30 build/obj/nvic.o
 .debug_aranges
                0x000000f8       0x30 build/obj/chsys.o
 .debug_aranges
                0x00000128       0x88 build/obj/chdebug.o
 .debug_aranges
                0x000001b0       0x38 build/obj/chvt.o
 .debug_aranges
                0x000001e8       0x78 build/obj/chschd.o
 .debug_aranges
                0x00000260       0x90 build/obj/chthreads.o
 .debug_aranges
                0x000002f0       0x28 build/obj/chregistry.o
 .debug_aranges
                0x00000318       0x70 build/obj/chmtx.o
 .debug_aranges
                0x00000388       0xa0 build/obj/chevents.o
 .debug_aranges
                0x00000428       0x80 build/obj/chqueues.o
 .debug_aranges
                0x000004a8       0x38 build/obj/chmemcore.o
 .debug_aranges
                0x000004e0       0x40 build/obj/chheap.o
 .debug_aranges
                0x00000520       0x30 build/obj/hal.o
 .debug_aranges
                0x00000550       0x70 build/obj/adc.o
 .debug_aranges
                0x000005c0       0x50 build/obj/ext.o
 .debug_aranges
                0x00000610       0x78 build/obj/gpt.o
 .debug_aranges
                0x00000688       0x60 build/obj/i2c.o
 .debug_aranges
                0x000006e8       0x48 build/obj/icu.o
 .debug_aranges
                0x00000730       0x28 build/obj/mmcsd.o
 .debug_aranges
                0x00000758       0x48 build/obj/rtc.o
 .debug_aranges
                0x000007a0       0x80 build/obj/sdc.o
 .debug_aranges
                0x00000820       0x88 build/obj/serial.o
 .debug_aranges
                0x000008a8       0x98 build/obj/spi.o
 .debug_aranges
                0x00000940       0xb0 build/obj/stm32_dma.o
 .debug_aranges
                0x000009f0       0x30 build/obj/hal_lld.o
 .debug_aranges
                0x00000a20       0x70 build/obj/adc_lld.o
 .debug_aranges
                0x00000a90       0x98 build/obj/ext_lld_isr.o
 .debug_aranges
                0x00000b28       0x40 build/obj/ext_lld.o
 .debug_aranges
                0x00000b68       0xc8 build/obj/sdc_lld.o
 .debug_aranges
                0x00000c30       0x30 build/obj/pal_lld.o
 .debug_aranges
                0x00000c60       0x90 build/obj/i2c_lld.o
 .debug_aranges
                0x00000cf0       0x58 build/obj/rtc_lld.o
 .debug_aranges
                0x00000d48       0x78 build/obj/spi_lld.o
 .debug_aranges
                0x00000dc0       0x58 build/obj/gpt_lld.o
 .debug_aranges
                0x00000e18       0x58 build/obj/icu_lld.o
 .debug_aranges
                0x00000e70       0x80 build/obj/serial_lld.o
 .debug_aranges
                0x00000ef0       0x38 build/obj/board.o
 .debug_aranges
                0x00000f28       0x38 build/obj/chprintf.o
 .debug_aranges
                0x00000f60       0x48 build/obj/fatfs_diskio.o
 .debug_aranges
                0x00000fa8      0x190 build/obj/ff.o
 .debug_aranges
                0x00001138       0x28 build/obj/main.o

.debug_ranges   0x00000000      0xea8
 .debug_ranges  0x00000000       0x28 build/obj/crt0.o
 .debug_ranges  0x00000028       0x10 build/obj/vectors.o
 .debug_ranges  0x00000038       0x10 build/obj/chcore.o
 .debug_ranges  0x00000048       0x40 build/obj/chcore_v7m.o
 .debug_ranges  0x00000088       0x20 build/obj/nvic.o
 .debug_ranges  0x000000a8       0x20 build/obj/chsys.o
 .debug_ranges  0x000000c8       0x78 build/obj/chdebug.o
 .debug_ranges  0x00000140       0x28 build/obj/chvt.o
 .debug_ranges  0x00000168       0x68 build/obj/chschd.o
 .debug_ranges  0x000001d0       0x80 build/obj/chthreads.o
 .debug_ranges  0x00000250       0x18 build/obj/chregistry.o
 .debug_ranges  0x00000268       0x60 build/obj/chmtx.o
 .debug_ranges  0x000002c8       0x90 build/obj/chevents.o
 .debug_ranges  0x00000358       0x70 build/obj/chqueues.o
 .debug_ranges  0x000003c8       0x28 build/obj/chmemcore.o
 .debug_ranges  0x000003f0       0x30 build/obj/chheap.o
 .debug_ranges  0x00000420       0x20 build/obj/hal.o
 .debug_ranges  0x00000440       0x60 build/obj/adc.o
 .debug_ranges  0x000004a0       0x40 build/obj/ext.o
 .debug_ranges  0x000004e0       0x68 build/obj/gpt.o
 .debug_ranges  0x00000548       0x50 build/obj/i2c.o
 .debug_ranges  0x00000598       0x38 build/obj/icu.o
 .debug_ranges  0x000005d0       0x18 build/obj/mmcsd.o
 .debug_ranges  0x000005e8       0x38 build/obj/rtc.o
 .debug_ranges  0x00000620       0x88 build/obj/sdc.o
 .debug_ranges  0x000006a8       0x78 build/obj/serial.o
 .debug_ranges  0x00000720       0x88 build/obj/spi.o
 .debug_ranges  0x000007a8       0xa0 build/obj/stm32_dma.o
 .debug_ranges  0x00000848       0x20 build/obj/hal_lld.o
 .debug_ranges  0x00000868       0x60 build/obj/adc_lld.o
 .debug_ranges  0x000008c8       0x88 build/obj/ext_lld_isr.o
 .debug_ranges  0x00000950       0x30 build/obj/ext_lld.o
 .debug_ranges  0x00000980       0xb8 build/obj/sdc_lld.o
 .debug_ranges  0x00000a38       0x20 build/obj/pal_lld.o
 .debug_ranges  0x00000a58       0x80 build/obj/i2c_lld.o
 .debug_ranges  0x00000ad8       0x48 build/obj/rtc_lld.o
 .debug_ranges  0x00000b20       0x68 build/obj/spi_lld.o
 .debug_ranges  0x00000b88       0x48 build/obj/gpt_lld.o
 .debug_ranges  0x00000bd0       0x48 build/obj/icu_lld.o
 .debug_ranges  0x00000c18       0x70 build/obj/serial_lld.o
 .debug_ranges  0x00000c88       0x28 build/obj/board.o
 .debug_ranges  0x00000cb0       0x28 build/obj/chprintf.o
 .debug_ranges  0x00000cd8       0x38 build/obj/fatfs_diskio.o
 .debug_ranges  0x00000d10      0x180 build/obj/ff.o
 .debug_ranges  0x00000e90       0x18 build/obj/main.o

.debug_line     0x00000000     0x8f76
 .debug_line    0x00000000      0x169 build/obj/crt0.o
 .debug_line    0x00000169       0xf3 build/obj/vectors.o
 .debug_line    0x0000025c       0x60 build/obj/chcore.o
 .debug_line    0x000002bc      0x22c build/obj/chcore_v7m.o
 .debug_line    0x000004e8      0x122 build/obj/nvic.o
 .debug_line    0x0000060a      0x1d5 build/obj/chsys.o
 .debug_line    0x000007df      0x2dd build/obj/chdebug.o
 .debug_line    0x00000abc      0x1d3 build/obj/chvt.o
 .debug_line    0x00000c8f      0x308 build/obj/chschd.o
 .debug_line    0x00000f97      0x3ad build/obj/chthreads.o
 .debug_line    0x00001344      0x218 build/obj/chregistry.o
 .debug_line    0x0000155c      0x317 build/obj/chmtx.o
 .debug_line    0x00001873      0x370 build/obj/chevents.o
 .debug_line    0x00001be3      0x3b7 build/obj/chqueues.o
 .debug_line    0x00001f9a      0x18f build/obj/chmemcore.o
 .debug_line    0x00002129      0x2c1 build/obj/chheap.o
 .debug_line    0x000023ea      0x250 build/obj/hal.o
 .debug_line    0x0000263a      0x419 build/obj/adc.o
 .debug_line    0x00002a53      0x268 build/obj/ext.o
 .debug_line    0x00002cbb      0x2e5 build/obj/gpt.o
 .debug_line    0x00002fa0      0x405 build/obj/i2c.o
 .debug_line    0x000033a5      0x24c build/obj/icu.o
 .debug_line    0x000035f1      0x148 build/obj/mmcsd.o
 .debug_line    0x00003739      0x282 build/obj/rtc.o
 .debug_line    0x000039bb      0x491 build/obj/sdc.o
 .debug_line    0x00003e4c      0x402 build/obj/serial.o
 .debug_line    0x0000424e      0x5c6 build/obj/spi.o
 .debug_line    0x00004814      0x371 build/obj/stm32_dma.o
 .debug_line    0x00004b85      0x1f8 build/obj/hal_lld.o
 .debug_line    0x00004d7d      0x491 build/obj/adc_lld.o
 .debug_line    0x0000520e      0x300 build/obj/ext_lld_isr.o
 .debug_line    0x0000550e      0x213 build/obj/ext_lld.o
 .debug_line    0x00005721      0x4e5 build/obj/sdc_lld.o
 .debug_line    0x00005c06      0x1c8 build/obj/pal_lld.o
 .debug_line    0x00005dce      0x5cb build/obj/i2c_lld.o
 .debug_line    0x00006399      0x2c4 build/obj/rtc_lld.o
 .debug_line    0x0000665d      0x45e build/obj/spi_lld.o
 .debug_line    0x00006abb      0x264 build/obj/gpt_lld.o
 .debug_line    0x00006d1f      0x29c build/obj/icu_lld.o
 .debug_line    0x00006fbb      0x3f8 build/obj/serial_lld.o
 .debug_line    0x000073b3      0x2a3 build/obj/board.o
 .debug_line    0x00007656      0x2dc build/obj/chprintf.o
 .debug_line    0x00007932      0x328 build/obj/fatfs_diskio.o
 .debug_line    0x00007c5a      0xec2 build/obj/ff.o
 .debug_line    0x00008b1c      0x45a build/obj/main.o

.debug_str      0x00000000     0x3e79
 .debug_str     0x00000000      0x203 build/obj/crt0.o
                                0x23d (size before relaxing)
 .debug_str     0x00000203      0x14d build/obj/vectors.o
                                0x26d (size before relaxing)
 .debug_str     0x00000350       0x35 build/obj/chcore.o
                                0x140 (size before relaxing)
 .debug_str     0x00000385      0x2ea build/obj/chcore_v7m.o
                                0x425 (size before relaxing)
 .debug_str     0x0000066f       0xc3 build/obj/nvic.o
                                0x23f (size before relaxing)
 .debug_str     0x00000732      0x1d2 build/obj/chsys.o
                                0x4b3 (size before relaxing)
 .debug_str     0x00000904      0x1ab build/obj/chdebug.o
                                0x4e0 (size before relaxing)
 .debug_str     0x00000aaf       0x5d build/obj/chvt.o
                                0x1dc (size before relaxing)
 .debug_str     0x00000b0c       0xff build/obj/chschd.o
                                0x420 (size before relaxing)
 .debug_str     0x00000c0b      0x110 build/obj/chthreads.o
                                0x456 (size before relaxing)
 .debug_str     0x00000d1b       0x4a build/obj/chregistry.o
                                0x422 (size before relaxing)
 .debug_str     0x00000d65       0x92 build/obj/chmtx.o
                                0x38e (size before relaxing)
 .debug_str     0x00000df7      0x1c1 build/obj/chevents.o
                                0x4aa (size before relaxing)
 .debug_str     0x00000fb8      0x12e build/obj/chqueues.o
                                0x430 (size before relaxing)
 .debug_str     0x000010e6       0x83 build/obj/chmemcore.o
                                0x1ab (size before relaxing)
 .debug_str     0x00001169       0xc0 build/obj/chheap.o
                                0x376 (size before relaxing)
 .debug_str     0x00001229      0x135 build/obj/hal.o
                                0x273 (size before relaxing)
 .debug_str     0x0000135e      0x2b0 build/obj/adc.o
                                0x5d0 (size before relaxing)
 .debug_str     0x0000160e       0xff build/obj/ext.o
                                0x243 (size before relaxing)
 .debug_str     0x0000170d      0x1aa build/obj/gpt.o
                                0x2e6 (size before relaxing)
 .debug_str     0x000018b7      0x276 build/obj/i2c.o
                                0x5af (size before relaxing)
 .debug_str     0x00001b2d      0x15e build/obj/icu.o
                                0x2f7 (size before relaxing)
 .debug_str     0x00001c8b       0x63 build/obj/mmcsd.o
                                0x197 (size before relaxing)
 .debug_str     0x00001cee      0x1ad build/obj/rtc.o
                                0x2ed (size before relaxing)
 .debug_str     0x00001e9b      0x295 build/obj/sdc.o
                                0x5fe (size before relaxing)
 .debug_str     0x00002130      0x107 build/obj/serial.o
                                0x4fa (size before relaxing)
 .debug_str     0x00002237      0x1c6 build/obj/spi.o
                                0x5c4 (size before relaxing)
 .debug_str     0x000023fd      0x735 build/obj/stm32_dma.o
                                0x92e (size before relaxing)
 .debug_str     0x00002b32       0xcc build/obj/hal_lld.o
                                0x346 (size before relaxing)
 .debug_str     0x00002bfe      0x13b build/obj/adc_lld.o
                                0xc3e (size before relaxing)
 .debug_str     0x00002d39      0x11a build/obj/ext_lld_isr.o
                                0x7ca (size before relaxing)
 .debug_str     0x00002e53       0xb2 build/obj/ext_lld.o
                                0x29a (size before relaxing)
 .debug_str     0x00002f05      0x1f5 build/obj/sdc_lld.o
                                0xd56 (size before relaxing)
 .debug_str     0x000030fa       0x8d build/obj/pal_lld.o
                                0x39f (size before relaxing)
 .debug_str     0x00003187      0x19a build/obj/i2c_lld.o
                                0xd19 (size before relaxing)
 .debug_str     0x00003321       0xf1 build/obj/rtc_lld.o
                                0x38a (size before relaxing)
 .debug_str     0x00003412      0x12a build/obj/spi_lld.o
                                0x6c3 (size before relaxing)
 .debug_str     0x0000353c       0xc1 build/obj/gpt_lld.o
                                0x8e4 (size before relaxing)
 .debug_str     0x000035fd       0xbb build/obj/icu_lld.o
                                0x95e (size before relaxing)
 .debug_str     0x000036b8       0xb5 build/obj/serial_lld.o
                                0xafe (size before relaxing)
 .debug_str     0x0000376d       0x50 build/obj/board.o
                                0x615 (size before relaxing)
 .debug_str     0x000037bd       0xf2 build/obj/chprintf.o
                                0x23c (size before relaxing)
 .debug_str     0x000038af       0xba build/obj/fatfs_diskio.o
                                0x6ac (size before relaxing)
 .debug_str     0x00003969      0x4b0 build/obj/ff.o
                                0x659 (size before relaxing)
 .debug_str     0x00003e19       0x60 build/obj/main.o
                                0x98c (size before relaxing)

.comment        0x00000000       0x70
 .comment       0x00000000       0x70 build/obj/crt0.o
                                 0x71 (size before relaxing)
 .comment       0x00000000       0x71 build/obj/vectors.o
 .comment       0x00000000       0x71 build/obj/chcore.o
 .comment       0x00000000       0x71 build/obj/chcore_v7m.o
 .comment       0x00000000       0x71 build/obj/nvic.o
 .comment       0x00000000       0x71 build/obj/chsys.o
 .comment       0x00000000       0x71 build/obj/chdebug.o
 .comment       0x00000000       0x71 build/obj/chvt.o
 .comment       0x00000000       0x71 build/obj/chschd.o
 .comment       0x00000000       0x71 build/obj/chthreads.o
 .comment       0x00000000       0x71 build/obj/chregistry.o
 .comment       0x00000000       0x71 build/obj/chmtx.o
 .comment       0x00000000       0x71 build/obj/chevents.o
 .comment       0x00000000       0x71 build/obj/chqueues.o
 .comment       0x00000000       0x71 build/obj/chmemcore.o
 .comment       0x00000000       0x71 build/obj/chheap.o
 .comment       0x00000000       0x71 build/obj/hal.o
 .comment       0x00000000       0x71 build/obj/adc.o
 .comment       0x00000000       0x71 build/obj/ext.o
 .comment       0x00000000       0x71 build/obj/gpt.o
 .comment       0x00000000       0x71 build/obj/i2c.o
 .comment       0x00000000       0x71 build/obj/icu.o
 .comment       0x00000000       0x71 build/obj/mmcsd.o
 .comment       0x00000000       0x71 build/obj/rtc.o
 .comment       0x00000000       0x71 build/obj/sdc.o
 .comment       0x00000000       0x71 build/obj/serial.o
 .comment       0x00000000       0x71 build/obj/spi.o
 .comment       0x00000000       0x71 build/obj/stm32_dma.o
 .comment       0x00000000       0x71 build/obj/hal_lld.o
 .comment       0x00000000       0x71 build/obj/adc_lld.o
 .comment       0x00000000       0x71 build/obj/ext_lld_isr.o
 .comment       0x00000000       0x71 build/obj/ext_lld.o
 .comment       0x00000000       0x71 build/obj/sdc_lld.o
 .comment       0x00000000       0x71 build/obj/pal_lld.o
 .comment       0x00000000       0x71 build/obj/i2c_lld.o
 .comment       0x00000000       0x71 build/obj/rtc_lld.o
 .comment       0x00000000       0x71 build/obj/spi_lld.o
 .comment       0x00000000       0x71 build/obj/gpt_lld.o
 .comment       0x00000000       0x71 build/obj/icu_lld.o
 .comment       0x00000000       0x71 build/obj/serial_lld.o
 .comment       0x00000000       0x71 build/obj/board.o
 .comment       0x00000000       0x71 build/obj/chprintf.o
 .comment       0x00000000       0x71 build/obj/fatfs_diskio.o
 .comment       0x00000000       0x71 build/obj/ff.o
 .comment       0x00000000       0x71 build/obj/main.o

.ARM.attributes
                0x00000000       0x39
 .ARM.attributes
                0x00000000       0x39 build/obj/crt0.o
 .ARM.attributes
                0x00000039       0x39 build/obj/vectors.o
 .ARM.attributes
                0x00000072       0x39 build/obj/chcore.o
 .ARM.attributes
                0x000000ab       0x39 build/obj/chcore_v7m.o
 .ARM.attributes
                0x000000e4       0x39 build/obj/nvic.o
 .ARM.attributes
                0x0000011d       0x39 build/obj/chsys.o
 .ARM.attributes
                0x00000156       0x39 build/obj/chdebug.o
 .ARM.attributes
                0x0000018f       0x39 build/obj/chvt.o
 .ARM.attributes
                0x000001c8       0x39 build/obj/chschd.o
 .ARM.attributes
                0x00000201       0x39 build/obj/chthreads.o
 .ARM.attributes
                0x0000023a       0x39 build/obj/chregistry.o
 .ARM.attributes
                0x00000273       0x39 build/obj/chmtx.o
 .ARM.attributes
                0x000002ac       0x39 build/obj/chevents.o
 .ARM.attributes
                0x000002e5       0x39 build/obj/chqueues.o
 .ARM.attributes
                0x0000031e       0x39 build/obj/chmemcore.o
 .ARM.attributes
                0x00000357       0x39 build/obj/chheap.o
 .ARM.attributes
                0x00000390       0x39 build/obj/hal.o
 .ARM.attributes
                0x000003c9       0x39 build/obj/adc.o
 .ARM.attributes
                0x00000402       0x39 build/obj/ext.o
 .ARM.attributes
                0x0000043b       0x39 build/obj/gpt.o
 .ARM.attributes
                0x00000474       0x39 build/obj/i2c.o
 .ARM.attributes
                0x000004ad       0x39 build/obj/icu.o
 .ARM.attributes
                0x000004e6       0x39 build/obj/mmcsd.o
 .ARM.attributes
                0x0000051f       0x39 build/obj/rtc.o
 .ARM.attributes
                0x00000558       0x39 build/obj/sdc.o
 .ARM.attributes
                0x00000591       0x39 build/obj/serial.o
 .ARM.attributes
                0x000005ca       0x39 build/obj/spi.o
 .ARM.attributes
                0x00000603       0x39 build/obj/stm32_dma.o
 .ARM.attributes
                0x0000063c       0x39 build/obj/hal_lld.o
 .ARM.attributes
                0x00000675       0x39 build/obj/adc_lld.o
 .ARM.attributes
                0x000006ae       0x39 build/obj/ext_lld_isr.o
 .ARM.attributes
                0x000006e7       0x39 build/obj/ext_lld.o
 .ARM.attributes
                0x00000720       0x39 build/obj/sdc_lld.o
 .ARM.attributes
                0x00000759       0x39 build/obj/pal_lld.o
 .ARM.attributes
                0x00000792       0x39 build/obj/i2c_lld.o
 .ARM.attributes
                0x000007cb       0x39 build/obj/rtc_lld.o
 .ARM.attributes
                0x00000804       0x39 build/obj/spi_lld.o
 .ARM.attributes
                0x0000083d       0x39 build/obj/gpt_lld.o
 .ARM.attributes
                0x00000876       0x39 build/obj/icu_lld.o
 .ARM.attributes
                0x000008af       0x39 build/obj/serial_lld.o
 .ARM.attributes
                0x000008e8       0x39 build/obj/board.o
 .ARM.attributes
                0x00000921       0x39 build/obj/chprintf.o
 .ARM.attributes
                0x0000095a       0x39 build/obj/fatfs_diskio.o
 .ARM.attributes
                0x00000993       0x39 build/obj/ff.o
 .ARM.attributes
                0x000009cc       0x39 build/obj/main.o
 .ARM.attributes
                0x00000a05       0x1e c:/chibistudio/tools/gnu tools arm embedded/4.7 2013q1/bin/../lib/gcc/arm-none-eabi/4.7.3/armv7e-m\libgcc.a(_arm_addsubdf3.o)
 .ARM.attributes
                0x00000a23       0x1e c:/chibistudio/tools/gnu tools arm embedded/4.7 2013q1/bin/../lib/gcc/arm-none-eabi/4.7.3/armv7e-m\libgcc.a(_arm_muldivdf3.o)
 .ARM.attributes
                0x00000a41       0x1e c:/chibistudio/tools/gnu tools arm embedded/4.7 2013q1/bin/../lib/gcc/arm-none-eabi/4.7.3/armv7e-m\libgcc.a(_arm_fixdfsi.o)
 .ARM.attributes
                0x00000a5f       0x1e c:/chibistudio/tools/gnu tools arm embedded/4.7 2013q1/bin/../lib/gcc/arm-none-eabi/4.7.3/armv7e-m\libgcc.a(_arm_truncdfsf2.o)
 .ARM.attributes
                0x00000a7d       0x2e c:/chibistudio/tools/gnu tools arm embedded/4.7 2013q1/bin/../lib/gcc/arm-none-eabi/4.7.3/../../../../arm-none-eabi/lib/armv7e-m\libc.a(lib_a-memcpy.o)
 .ARM.attributes
                0x00000aab       0x2e c:/chibistudio/tools/gnu tools arm embedded/4.7 2013q1/bin/../lib/gcc/arm-none-eabi/4.7.3/../../../../arm-none-eabi/lib/armv7e-m\libc.a(lib_a-memset.o)

.debug_frame    0x00000000     0x2e10
 .debug_frame   0x00000000       0x50 build/obj/crt0.o
 .debug_frame   0x00000050       0x20 build/obj/vectors.o
 .debug_frame   0x00000070       0x20 build/obj/chcore.o
 .debug_frame   0x00000090       0xbc build/obj/chcore_v7m.o
 .debug_frame   0x0000014c       0x64 build/obj/nvic.o
 .debug_frame   0x000001b0       0x5c build/obj/chsys.o
 .debug_frame   0x0000020c      0x184 build/obj/chdebug.o
 .debug_frame   0x00000390       0x6c build/obj/chvt.o
 .debug_frame   0x000003fc      0x144 build/obj/chschd.o
 .debug_frame   0x00000540      0x194 build/obj/chthreads.o
 .debug_frame   0x000006d4       0x48 build/obj/chregistry.o
 .debug_frame   0x0000071c      0x12c build/obj/chmtx.o
 .debug_frame   0x00000848      0x1e4 build/obj/chevents.o
 .debug_frame   0x00000a2c      0x15c build/obj/chqueues.o
 .debug_frame   0x00000b88       0x68 build/obj/chmemcore.o
 .debug_frame   0x00000bf0       0x9c build/obj/chheap.o
 .debug_frame   0x00000c8c       0x5c build/obj/hal.o
 .debug_frame   0x00000ce8      0x144 build/obj/adc.o
 .debug_frame   0x00000e2c       0xcc build/obj/ext.o
 .debug_frame   0x00000ef8      0x158 build/obj/gpt.o
 .debug_frame   0x00001050      0x10c build/obj/i2c.o
 .debug_frame   0x0000115c       0xb0 build/obj/icu.o
 .debug_frame   0x0000120c       0x48 build/obj/mmcsd.o
 .debug_frame   0x00001254       0xb8 build/obj/rtc.o
 .debug_frame   0x0000130c      0x174 build/obj/sdc.o
 .debug_frame   0x00001480      0x198 build/obj/serial.o
 .debug_frame   0x00001618      0x1d0 build/obj/spi.o
 .debug_frame   0x000017e8      0x21c build/obj/stm32_dma.o
 .debug_frame   0x00001a04       0x4c build/obj/hal_lld.o
 .debug_frame   0x00001a50      0x104 build/obj/adc_lld.o
 .debug_frame   0x00001b54      0x1d0 build/obj/ext_lld_isr.o
 .debug_frame   0x00001d24       0x8c build/obj/ext_lld.o
 .debug_frame   0x00001db0      0x240 build/obj/sdc_lld.o
 .debug_frame   0x00001ff0       0x54 build/obj/pal_lld.o
 .debug_frame   0x00002044      0x1a4 build/obj/i2c_lld.o
 .debug_frame   0x000021e8       0xc0 build/obj/rtc_lld.o
 .debug_frame   0x000022a8      0x128 build/obj/spi_lld.o
 .debug_frame   0x000023d0       0xd8 build/obj/gpt_lld.o
 .debug_frame   0x000024a8       0xe0 build/obj/icu_lld.o
 .debug_frame   0x00002588      0x154 build/obj/serial_lld.o
 .debug_frame   0x000026dc       0x64 build/obj/board.o
 .debug_frame   0x00002740       0x88 build/obj/chprintf.o
 .debug_frame   0x000027c8       0xb8 build/obj/fatfs_diskio.o
 .debug_frame   0x00002880      0x4ec build/obj/ff.o
 .debug_frame   0x00002d6c       0x48 build/obj/main.o
 .debug_frame   0x00002db4       0x30 c:/chibistudio/tools/gnu tools arm embedded/4.7 2013q1/bin/../lib/gcc/arm-none-eabi/4.7.3/../../../../arm-none-eabi/lib/armv7e-m\libc.a(lib_a-memcpy.o)
 .debug_frame   0x00002de4       0x2c c:/chibistudio/tools/gnu tools arm embedded/4.7 2013q1/bin/../lib/gcc/arm-none-eabi/4.7.3/../../../../arm-none-eabi/lib/armv7e-m\libc.a(lib_a-memset.o)

.debug_loc      0x00000000     0x3ebe
 .debug_loc     0x00000000       0xb8 build/obj/chcore_v7m.o
 .debug_loc     0x000000b8       0x84 build/obj/nvic.o
 .debug_loc     0x0000013c       0x78 build/obj/chsys.o
 .debug_loc     0x000001b4      0x1ac build/obj/chdebug.o
 .debug_loc     0x00000360       0x78 build/obj/chvt.o
 .debug_loc     0x000003d8      0x1b4 build/obj/chschd.o
 .debug_loc     0x0000058c      0x258 build/obj/chthreads.o
 .debug_loc     0x000007e4       0x58 build/obj/chregistry.o
 .debug_loc     0x0000083c      0x1c0 build/obj/chmtx.o
 .debug_loc     0x000009fc      0x2e0 build/obj/chevents.o
 .debug_loc     0x00000cdc      0x20c build/obj/chqueues.o
 .debug_loc     0x00000ee8       0x58 build/obj/chmemcore.o
 .debug_loc     0x00000f40       0xd0 build/obj/chheap.o
 .debug_loc     0x00001010       0x6c build/obj/hal.o
 .debug_loc     0x0000107c      0x1d8 build/obj/adc.o
 .debug_loc     0x00001254      0x11c build/obj/ext.o
 .debug_loc     0x00001370      0x1f8 build/obj/gpt.o
 .debug_loc     0x00001568      0x180 build/obj/i2c.o
 .debug_loc     0x000016e8       0xf0 build/obj/icu.o
 .debug_loc     0x000017d8       0x58 build/obj/mmcsd.o
 .debug_loc     0x00001830       0xfc build/obj/rtc.o
 .debug_loc     0x0000192c      0x224 build/obj/sdc.o
 .debug_loc     0x00001b50      0x25c build/obj/serial.o
 .debug_loc     0x00001dac      0x2b4 build/obj/spi.o
 .debug_loc     0x00002060      0x338 build/obj/stm32_dma.o
 .debug_loc     0x00002398       0x20 build/obj/hal_lld.o
 .debug_loc     0x000023b8      0x110 build/obj/adc_lld.o
 .debug_loc     0x000024c8      0x218 build/obj/ext_lld_isr.o
 .debug_loc     0x000026e0       0xb8 build/obj/ext_lld.o
 .debug_loc     0x00002798      0x35c build/obj/sdc_lld.o
 .debug_loc     0x00002af4       0x6c build/obj/pal_lld.o
 .debug_loc     0x00002b60      0x264 build/obj/i2c_lld.o
 .debug_loc     0x00002dc4      0x118 build/obj/rtc_lld.o
 .debug_loc     0x00002edc      0x1b0 build/obj/spi_lld.o
 .debug_loc     0x0000308c      0x124 build/obj/gpt_lld.o
 .debug_loc     0x000031b0      0x124 build/obj/icu_lld.o
 .debug_loc     0x000032d4      0x1d0 build/obj/serial_lld.o
 .debug_loc     0x000034a4       0x60 build/obj/board.o
 .debug_loc     0x00003504       0xb1 build/obj/chprintf.o
 .debug_loc     0x000035b5       0xfc build/obj/fatfs_diskio.o
 .debug_loc     0x000036b1      0x7b4 build/obj/ff.o
 .debug_loc     0x00003e65       0x59 build/obj/main.o

Cross Reference Table

Symbol                                            File
ADCD1                                             build/obj/adc_lld.o
ADCD2                                             build/obj/adc_lld.o
ADCD3                                             build/obj/adc_lld.o
BusFaultVector                                    build/obj/vectors.o
DebugMonitorVector                                build/obj/vectors.o
EXTD1                                             build/obj/ext_lld.o
                                                  build/obj/ext_lld_isr.o
GPTD14                                            build/obj/gpt_lld.o
HardFaultVector                                   build/obj/vectors.o
I2CD2                                             build/obj/i2c_lld.o
ICUD1                                             build/obj/icu_lld.o
MemManageVector                                   build/obj/vectors.o
NMIVector                                         build/obj/vectors.o
PendSVVector                                      build/obj/vectors.o
RTCD1                                             build/obj/rtc_lld.o
                                                  build/obj/fatfs_diskio.o
ResetHandler                                      build/obj/crt0.o
                                                  build/obj/vectors.o
SD1                                               build/obj/serial_lld.o
SD2                                               build/obj/serial_lld.o
                                                  build/obj/main.o
SD6                                               build/obj/serial_lld.o
SDCD1                                             build/obj/sdc_lld.o
                                                  build/obj/main.o
                                                  build/obj/fatfs_diskio.o
SDC_FS                                            build/obj/main.o
SPID1                                             build/obj/spi_lld.o
SPID2                                             build/obj/spi_lld.o
SVCallVector                                      build/obj/chcore_v7m.o
                                                  build/obj/vectors.o
SysTickVector                                     build/obj/chcore_v7m.o
                                                  build/obj/vectors.o
TAMPER_STAMP_IRQHandler                           build/obj/ext_lld_isr.o
UsageFaultVector                                  build/obj/vectors.o
Vector100                                         build/obj/vectors.o
Vector104                                         build/obj/sdc_lld.o
                                                  build/obj/vectors.o
Vector108                                         build/obj/vectors.o
Vector10C                                         build/obj/vectors.o
Vector110                                         build/obj/vectors.o
Vector114                                         build/obj/vectors.o
Vector118                                         build/obj/vectors.o
Vector11C                                         build/obj/vectors.o
Vector120                                         build/obj/stm32_dma.o
                                                  build/obj/vectors.o
Vector124                                         build/obj/stm32_dma.o
                                                  build/obj/vectors.o
Vector128                                         build/obj/stm32_dma.o
                                                  build/obj/vectors.o
Vector12C                                         build/obj/stm32_dma.o
                                                  build/obj/vectors.o
Vector130                                         build/obj/stm32_dma.o
                                                  build/obj/vectors.o
Vector134                                         build/obj/vectors.o
Vector138                                         build/obj/ext_lld_isr.o
                                                  build/obj/vectors.o
Vector13C                                         build/obj/vectors.o
Vector140                                         build/obj/vectors.o
Vector144                                         build/obj/vectors.o
Vector148                                         build/obj/vectors.o
Vector14C                                         build/obj/vectors.o
Vector150                                         build/obj/stm32_dma.o
                                                  build/obj/vectors.o
Vector154                                         build/obj/stm32_dma.o
                                                  build/obj/vectors.o
Vector158                                         build/obj/stm32_dma.o
                                                  build/obj/vectors.o
Vector15C                                         build/obj/serial_lld.o
                                                  build/obj/vectors.o
Vector160                                         build/obj/vectors.o
Vector164                                         build/obj/vectors.o
Vector168                                         build/obj/vectors.o
Vector16C                                         build/obj/vectors.o
Vector170                                         build/obj/ext_lld_isr.o
                                                  build/obj/vectors.o
Vector174                                         build/obj/vectors.o
Vector178                                         build/obj/vectors.o
Vector17C                                         build/obj/vectors.o
Vector180                                         build/obj/vectors.o
Vector184                                         build/obj/vectors.o
Vector1C                                          build/obj/vectors.o
Vector20                                          build/obj/vectors.o
Vector24                                          build/obj/vectors.o
Vector28                                          build/obj/vectors.o
Vector34                                          build/obj/vectors.o
Vector40                                          build/obj/vectors.o
Vector44                                          build/obj/ext_lld_isr.o
                                                  build/obj/vectors.o
Vector48                                          build/obj/vectors.o
Vector4C                                          build/obj/ext_lld_isr.o
                                                  build/obj/vectors.o
Vector50                                          build/obj/vectors.o
Vector54                                          build/obj/vectors.o
Vector58                                          build/obj/ext_lld_isr.o
                                                  build/obj/vectors.o
Vector5C                                          build/obj/ext_lld_isr.o
                                                  build/obj/vectors.o
Vector60                                          build/obj/ext_lld_isr.o
                                                  build/obj/vectors.o
Vector64                                          build/obj/ext_lld_isr.o
                                                  build/obj/vectors.o
Vector68                                          build/obj/ext_lld_isr.o
                                                  build/obj/vectors.o
Vector6C                                          build/obj/stm32_dma.o
                                                  build/obj/vectors.o
Vector70                                          build/obj/stm32_dma.o
                                                  build/obj/vectors.o
Vector74                                          build/obj/stm32_dma.o
                                                  build/obj/vectors.o
Vector78                                          build/obj/stm32_dma.o
                                                  build/obj/vectors.o
Vector7C                                          build/obj/stm32_dma.o
                                                  build/obj/vectors.o
Vector80                                          build/obj/stm32_dma.o
                                                  build/obj/vectors.o
Vector84                                          build/obj/stm32_dma.o
                                                  build/obj/vectors.o
Vector88                                          build/obj/adc_lld.o
                                                  build/obj/vectors.o
Vector8C                                          build/obj/vectors.o
Vector90                                          build/obj/vectors.o
Vector94                                          build/obj/vectors.o
Vector98                                          build/obj/vectors.o
Vector9C                                          build/obj/ext_lld_isr.o
                                                  build/obj/vectors.o
VectorA0                                          build/obj/vectors.o
VectorA4                                          build/obj/icu_lld.o
                                                  build/obj/vectors.o
VectorA8                                          build/obj/vectors.o
VectorAC                                          build/obj/icu_lld.o
                                                  build/obj/vectors.o
VectorB0                                          build/obj/vectors.o
VectorB4                                          build/obj/vectors.o
VectorB8                                          build/obj/vectors.o
VectorBC                                          build/obj/vectors.o
VectorC0                                          build/obj/vectors.o
VectorC4                                          build/obj/i2c_lld.o
                                                  build/obj/vectors.o
VectorC8                                          build/obj/i2c_lld.o
                                                  build/obj/vectors.o
VectorCC                                          build/obj/vectors.o
VectorD0                                          build/obj/vectors.o
VectorD4                                          build/obj/serial_lld.o
                                                  build/obj/vectors.o
VectorD8                                          build/obj/serial_lld.o
                                                  build/obj/vectors.o
VectorDC                                          build/obj/vectors.o
VectorE0                                          build/obj/ext_lld_isr.o
                                                  build/obj/vectors.o
VectorE4                                          build/obj/ext_lld_isr.o
                                                  build/obj/vectors.o
VectorE8                                          build/obj/ext_lld_isr.o
                                                  build/obj/vectors.o
VectorEC                                          build/obj/vectors.o
VectorF0                                          build/obj/vectors.o
VectorF4                                          build/obj/gpt_lld.o
                                                  build/obj/vectors.o
VectorF8                                          build/obj/vectors.o
VectorFC                                          build/obj/stm32_dma.o
                                                  build/obj/vectors.o
__adddf3                                          c:/chibistudio/tools/gnu tools arm embedded/4.7 2013q1/bin/../lib/gcc/arm-none-eabi/4.7.3/armv7e-m\libgcc.a(_arm_addsubdf3.o)
__aeabi_d2f                                       c:/chibistudio/tools/gnu tools arm embedded/4.7 2013q1/bin/../lib/gcc/arm-none-eabi/4.7.3/armv7e-m\libgcc.a(_arm_truncdfsf2.o)
                                                  build/obj/chprintf.o
__aeabi_d2iz                                      c:/chibistudio/tools/gnu tools arm embedded/4.7 2013q1/bin/../lib/gcc/arm-none-eabi/4.7.3/armv7e-m\libgcc.a(_arm_fixdfsi.o)
                                                  build/obj/chprintf.o
__aeabi_dadd                                      c:/chibistudio/tools/gnu tools arm embedded/4.7 2013q1/bin/../lib/gcc/arm-none-eabi/4.7.3/armv7e-m\libgcc.a(_arm_addsubdf3.o)
__aeabi_ddiv                                      c:/chibistudio/tools/gnu tools arm embedded/4.7 2013q1/bin/../lib/gcc/arm-none-eabi/4.7.3/armv7e-m\libgcc.a(_arm_muldivdf3.o)
__aeabi_dmul                                      c:/chibistudio/tools/gnu tools arm embedded/4.7 2013q1/bin/../lib/gcc/arm-none-eabi/4.7.3/armv7e-m\libgcc.a(_arm_muldivdf3.o)
                                                  build/obj/chprintf.o
__aeabi_drsub                                     c:/chibistudio/tools/gnu tools arm embedded/4.7 2013q1/bin/../lib/gcc/arm-none-eabi/4.7.3/armv7e-m\libgcc.a(_arm_addsubdf3.o)
__aeabi_dsub                                      c:/chibistudio/tools/gnu tools arm embedded/4.7 2013q1/bin/../lib/gcc/arm-none-eabi/4.7.3/armv7e-m\libgcc.a(_arm_addsubdf3.o)
                                                  build/obj/chprintf.o
__aeabi_f2d                                       c:/chibistudio/tools/gnu tools arm embedded/4.7 2013q1/bin/../lib/gcc/arm-none-eabi/4.7.3/armv7e-m\libgcc.a(_arm_addsubdf3.o)
                                                  build/obj/main.o
                                                  build/obj/chprintf.o
__aeabi_i2d                                       c:/chibistudio/tools/gnu tools arm embedded/4.7 2013q1/bin/../lib/gcc/arm-none-eabi/4.7.3/armv7e-m\libgcc.a(_arm_addsubdf3.o)
                                                  build/obj/chprintf.o
__aeabi_l2d                                       c:/chibistudio/tools/gnu tools arm embedded/4.7 2013q1/bin/../lib/gcc/arm-none-eabi/4.7.3/armv7e-m\libgcc.a(_arm_addsubdf3.o)
__aeabi_ui2d                                      c:/chibistudio/tools/gnu tools arm embedded/4.7 2013q1/bin/../lib/gcc/arm-none-eabi/4.7.3/armv7e-m\libgcc.a(_arm_addsubdf3.o)
                                                  build/obj/chprintf.o
__aeabi_ul2d                                      c:/chibistudio/tools/gnu tools arm embedded/4.7 2013q1/bin/../lib/gcc/arm-none-eabi/4.7.3/armv7e-m\libgcc.a(_arm_addsubdf3.o)
__divdf3                                          c:/chibistudio/tools/gnu tools arm embedded/4.7 2013q1/bin/../lib/gcc/arm-none-eabi/4.7.3/armv7e-m\libgcc.a(_arm_muldivdf3.o)
__early_init                                      build/obj/board.o
                                                  build/obj/crt0.o
__extendsfdf2                                     c:/chibistudio/tools/gnu tools arm embedded/4.7 2013q1/bin/../lib/gcc/arm-none-eabi/4.7.3/armv7e-m\libgcc.a(_arm_addsubdf3.o)